Command line invocation:
    /Applications/Xcode.app/Contents/Developer/usr/bin/xcodebuild test -project ios/Pesolita/Pesolita.xcodeproj -scheme Pesolita -destination "platform=iOS Simulator,name=iPhone 17 Pro" "-only-testing:PesolitaUITests"

2026-09-01 13:25:10.169 xcodebuild[17682:21968548] [MT] IDERunDestination: Supported platforms for the buildables in the current scheme is empty.
ComputePackagePrebuildTargetDependencyGraph

Prepare packages

CreateBuildRequest

SendProjectDescription

CreateBuildOperation

ComputeTargetDependencyGraph
note: Building targets in dependency order
note: Target dependency graph (4 targets)
    Target 'PesolitaTests' in project 'Pesolita'
        ➜ Explicit dependency on target 'Pesolita' in project 'Pesolita'
    Target 'PesolitaUITests' in project 'Pesolita'
        ➜ Explicit dependency on target 'Pesolita' in project 'Pesolita'
    Target 'Pesolita' in project 'Pesolita'
        ➜ Explicit dependency on target 'PesolitaWidget' in project 'Pesolita'
    Target 'PesolitaWidget' in project 'Pesolita' (no dependencies)

GatherProvisioningInputs

CreateBuildDescription

ExecuteExternalTool /Applications/Xcode.app/Contents/Developer/Toolchains/XcodeDefault.xctoolchain/usr/bin/swiftc --version

ExecuteExternalTool /Applications/Xcode.app/Contents/Developer/Toolchains/XcodeDefault.xctoolchain/usr/bin/clang -v -E -dM -isysroot /Applications/Xcode.app/Contents/Developer/Platforms/iPhoneSimulator.platform/Developer/SDKs/iPhoneSimulator26.5.sdk -x c -c /dev/null

ExecuteExternalTool /Applications/Xcode.app/Contents/Developer/usr/bin/actool --print-asset-tag-combinations --output-format xml1 /Users/rli/Documents/Claude/budget-tracker/ios/Pesolita/Pesolita/Assets.xcassets

ExecuteExternalTool /Applications/Xcode.app/Contents/Developer/Toolchains/XcodeDefault.xctoolchain/usr/bin/ld -version_details

ExecuteExternalTool /Applications/Xcode.app/Contents/Developer/usr/bin/actool --version --output-format xml1

Build description signature: a9e77392c57a9b7582b5b410ae34059b
Build description path: /Users/rli/Library/Developer/Xcode/DerivedData/Pesolita-gsphdqjcpdqmarbsicpvyrxglvnh/Build/Intermediates.noindex/XCBuildData/a9e77392c57a9b7582b5b410ae34059b.xcbuilddata
ClangStatCache /Applications/Xcode.app/Contents/Developer/Toolchains/XcodeDefault.xctoolchain/usr/bin/clang-stat-cache /Applications/Xcode.app/Contents/Developer/Platforms/iPhoneSimulator.platform/Developer/SDKs/iPhoneSimulator26.5.sdk /Users/rli/Library/Developer/Xcode/DerivedData/SDKStatCaches.noindex/iphonesimulator26.5-23F81a-6cfe768891a92b912361537c460fe42b.sdkstatcache
    cd /Users/rli/Documents/Claude/budget-tracker/ios/Pesolita/Pesolita.xcodeproj
    /Applications/Xcode.app/Contents/Developer/Toolchains/XcodeDefault.xctoolchain/usr/bin/clang-stat-cache /Applications/Xcode.app/Contents/Developer/Platforms/iPhoneSimulator.platform/Developer/SDKs/iPhoneSimulator26.5.sdk -o /Users/rli/Library/Developer/Xcode/DerivedData/SDKStatCaches.noindex/iphonesimulator26.5-23F81a-6cfe768891a92b912361537c460fe42b.sdkstatcache

ProcessInfoPlistFile /Users/rli/Library/Developer/Xcode/DerivedData/Pesolita-gsphdqjcpdqmarbsicpvyrxglvnh/Build/Products/Debug-iphonesimulator/PesolitaWidget.appex/Info.plist /Users/rli/Documents/Claude/budget-tracker/ios/Pesolita/PesolitaWidget/Info.plist (in target 'PesolitaWidget' from project 'Pesolita')
    cd /Users/rli/Documents/Claude/budget-tracker/ios/Pesolita
    builtin-infoPlistUtility /Users/rli/Documents/Claude/budget-tracker/ios/Pesolita/PesolitaWidget/Info.plist -producttype com.apple.product-type.app-extension -expandbuildsettings -format binary -platform iphonesimulator -o /Users/rli/Library/Developer/Xcode/DerivedData/Pesolita-gsphdqjcpdqmarbsicpvyrxglvnh/Build/Products/Debug-iphonesimulator/PesolitaWidget.appex/Info.plist

SwiftDriver Pesolita normal arm64 com.apple.xcode.tools.swift.compiler (in target 'Pesolita' from project 'Pesolita')
    cd /Users/rli/Documents/Claude/budget-tracker/ios/Pesolita
    builtin-SwiftDriver -- /Applications/Xcode.app/Contents/Developer/Toolchains/XcodeDefault.xctoolchain/usr/bin/swiftc -module-name Pesolita -Onone @/Users/rli/Library/Developer/Xcode/DerivedData/Pesolita-gsphdqjcpdqmarbsicpvyrxglvnh/Build/Intermediates.noindex/Pesolita.build/Debug-iphonesimulator/Pesolita.build/Objects-normal/arm64/Pesolita.SwiftFileList -DDEBUG -enable-experimental-feature DebugDescriptionMacro -sdk /Applications/Xcode.app/Contents/Developer/Platforms/iPhoneSimulator.platform/Developer/SDKs/iPhoneSimulator26.5.sdk -target arm64-apple-ios18.0-simulator -g -module-cache-path /Users/rli/Library/Developer/Xcode/DerivedData/ModuleCache.noindex -Xfrontend -serialize-debugging-options -profile-coverage-mapping -profile-generate -enable-testing -index-store-path /Users/rli/Library/Developer/Xcode/DerivedData/Pesolita-gsphdqjcpdqmarbsicpvyrxglvnh/Index.noindex/DataStore -Xcc -D_LIBCPP_HARDENING_MODE\=_LIBCPP_HARDENING_MODE_DEBUG -swift-version 6 -I /Users/rli/Library/Developer/Xcode/DerivedData/Pesolita-gsphdqjcpdqmarbsicpvyrxglvnh/Build/Products/Debug-iphonesimulator -F /Users/rli/Library/Developer/Xcode/DerivedData/Pesolita-gsphdqjcpdqmarbsicpvyrxglvnh/Build/Products/Debug-iphonesimulator -emit-localized-strings -emit-localized-strings-path /Users/rli/Library/Developer/Xcode/DerivedData/Pesolita-gsphdqjcpdqmarbsicpvyrxglvnh/Build/Intermediates.noindex/Pesolita.build/Debug-iphonesimulator/Pesolita.build/Objects-normal/arm64 -c -j12 -enable-batch-mode -incremental -Xcc -ivfsstatcache -Xcc /Users/rli/Library/Developer/Xcode/DerivedData/SDKStatCaches.noindex/iphonesimulator26.5-23F81a-6cfe768891a92b912361537c460fe42b.sdkstatcache -output-file-map /Users/rli/Library/Developer/Xcode/DerivedData/Pesolita-gsphdqjcpdqmarbsicpvyrxglvnh/Build/Intermediates.noindex/Pesolita.build/Debug-iphonesimulator/Pesolita.build/Objects-normal/arm64/Pesolita-OutputFileMap.json -use-frontend-parseable-output -save-temps -no-color-diagnostics -explicit-module-build -module-cache-path /Users/rli/Library/Developer/Xcode/DerivedData/Pesolita-gsphdqjcpdqmarbsicpvyrxglvnh/Build/Intermediates.noindex/SwiftExplicitPrecompiledModules -clang-scanner-module-cache-path /Users/rli/Library/Developer/Xcode/DerivedData/ModuleCache.noindex -sdk-module-cache-path /Users/rli/Library/Developer/Xcode/DerivedData/ModuleCache.noindex -serialize-diagnostics -emit-dependencies -emit-module -emit-module-path /Users/rli/Library/Developer/Xcode/DerivedData/Pesolita-gsphdqjcpdqmarbsicpvyrxglvnh/Build/Intermediates.noindex/Pesolita.build/Debug-iphonesimulator/Pesolita.build/Objects-normal/arm64/Pesolita.swiftmodule -validate-clang-modules-once -clang-build-session-file /Users/rli/Library/Developer/Xcode/DerivedData/ModuleCache.noindex/Session.modulevalidation -Xcc -I/Users/rli/Library/Developer/Xcode/DerivedData/Pesolita-gsphdqjcpdqmarbsicpvyrxglvnh/Build/Intermediates.noindex/Pesolita.build/Debug-iphonesimulator/Pesolita.build/swift-overrides.hmap -emit-const-values -Xfrontend -const-gather-protocols-file -Xfrontend /Users/rli/Library/Developer/Xcode/DerivedData/Pesolita-gsphdqjcpdqmarbsicpvyrxglvnh/Build/Intermediates.noindex/Pesolita.build/Debug-iphonesimulator/Pesolita.build/Objects-normal/arm64/Pesolita_const_extract_protocols.json -Xcc -iquote -Xcc /Users/rli/Library/Developer/Xcode/DerivedData/Pesolita-gsphdqjcpdqmarbsicpvyrxglvnh/Build/Intermediates.noindex/Pesolita.build/Debug-iphonesimulator/Pesolita.build/Pesolita-generated-files.hmap -Xcc -I/Users/rli/Library/Developer/Xcode/DerivedData/Pesolita-gsphdqjcpdqmarbsicpvyrxglvnh/Build/Intermediates.noindex/Pesolita.build/Debug-iphonesimulator/Pesolita.build/Pesolita-own-target-headers.hmap -Xcc -I/Users/rli/Library/Developer/Xcode/DerivedData/Pesolita-gsphdqjcpdqmarbsicpvyrxglvnh/Build/Intermediates.noindex/Pesolita.build/Debug-iphonesimulator/Pesolita.build/Pesolita-all-target-headers.hmap -Xcc -iquote -Xcc /Users/rli/Library/Developer/Xcode/DerivedData/Pesolita-gsphdqjcpdqmarbsicpvyrxglvnh/Build/Intermediates.noindex/Pesolita.build/Debug-iphonesimulator/Pesolita.build/Pesolita-project-headers.hmap -Xcc -I/Users/rli/Library/Developer/Xcode/DerivedData/Pesolita-gsphdqjcpdqmarbsicpvyrxglvnh/Build/Products/Debug-iphonesimulator/include -Xcc -I/Users/rli/Library/Developer/Xcode/DerivedData/Pesolita-gsphdqjcpdqmarbsicpvyrxglvnh/Build/Intermediates.noindex/Pesolita.build/Debug-iphonesimulator/Pesolita.build/DerivedSources-normal/arm64 -Xcc -I/Users/rli/Library/Developer/Xcode/DerivedData/Pesolita-gsphdqjcpdqmarbsicpvyrxglvnh/Build/Intermediates.noindex/Pesolita.build/Debug-iphonesimulator/Pesolita.build/DerivedSources/arm64 -Xcc -I/Users/rli/Library/Developer/Xcode/DerivedData/Pesolita-gsphdqjcpdqmarbsicpvyrxglvnh/Build/Intermediates.noindex/Pesolita.build/Debug-iphonesimulator/Pesolita.build/DerivedSources -emit-objc-header -emit-objc-header-path /Users/rli/Library/Developer/Xcode/DerivedData/Pesolita-gsphdqjcpdqmarbsicpvyrxglvnh/Build/Intermediates.noindex/Pesolita.build/Debug-iphonesimulator/Pesolita.build/Objects-normal/arm64/Pesolita-Swift.h -working-directory /Users/rli/Documents/Claude/budget-tracker/ios/Pesolita -experimental-emit-module-separately -disable-cmo

SwiftEmitModule normal arm64 Emitting\ module\ for\ Pesolita (in target 'Pesolita' from project 'Pesolita')

EmitSwiftModule normal arm64 (in target 'Pesolita' from project 'Pesolita')
    cd /Users/rli/Documents/Claude/budget-tracker/ios/Pesolita
    

SwiftDriverJobDiscovery normal arm64 Emitting module for Pesolita (in target 'Pesolita' from project 'Pesolita')

SwiftDriver\ Compilation\ Requirements Pesolita normal arm64 com.apple.xcode.tools.swift.compiler (in target 'Pesolita' from project 'Pesolita')
    cd /Users/rli/Documents/Claude/budget-tracker/ios/Pesolita
    builtin-Swift-Compilation-Requirements -- /Applications/Xcode.app/Contents/Developer/Toolchains/XcodeDefault.xctoolchain/usr/bin/swiftc -module-name Pesolita -Onone @/Users/rli/Library/Developer/Xcode/DerivedData/Pesolita-gsphdqjcpdqmarbsicpvyrxglvnh/Build/Intermediates.noindex/Pesolita.build/Debug-iphonesimulator/Pesolita.build/Objects-normal/arm64/Pesolita.SwiftFileList -DDEBUG -enable-experimental-feature DebugDescriptionMacro -sdk /Applications/Xcode.app/Contents/Developer/Platforms/iPhoneSimulator.platform/Developer/SDKs/iPhoneSimulator26.5.sdk -target arm64-apple-ios18.0-simulator -g -module-cache-path /Users/rli/Library/Developer/Xcode/DerivedData/ModuleCache.noindex -Xfrontend -serialize-debugging-options -profile-coverage-mapping -profile-generate -enable-testing -index-store-path /Users/rli/Library/Developer/Xcode/DerivedData/Pesolita-gsphdqjcpdqmarbsicpvyrxglvnh/Index.noindex/DataStore -Xcc -D_LIBCPP_HARDENING_MODE\=_LIBCPP_HARDENING_MODE_DEBUG -swift-version 6 -I /Users/rli/Library/Developer/Xcode/DerivedData/Pesolita-gsphdqjcpdqmarbsicpvyrxglvnh/Build/Products/Debug-iphonesimulator -F /Users/rli/Library/Developer/Xcode/DerivedData/Pesolita-gsphdqjcpdqmarbsicpvyrxglvnh/Build/Products/Debug-iphonesimulator -emit-localized-strings -emit-localized-strings-path /Users/rli/Library/Developer/Xcode/DerivedData/Pesolita-gsphdqjcpdqmarbsicpvyrxglvnh/Build/Intermediates.noindex/Pesolita.build/Debug-iphonesimulator/Pesolita.build/Objects-normal/arm64 -c -j12 -enable-batch-mode -incremental -Xcc -ivfsstatcache -Xcc /Users/rli/Library/Developer/Xcode/DerivedData/SDKStatCaches.noindex/iphonesimulator26.5-23F81a-6cfe768891a92b912361537c460fe42b.sdkstatcache -output-file-map /Users/rli/Library/Developer/Xcode/DerivedData/Pesolita-gsphdqjcpdqmarbsicpvyrxglvnh/Build/Intermediates.noindex/Pesolita.build/Debug-iphonesimulator/Pesolita.build/Objects-normal/arm64/Pesolita-OutputFileMap.json -use-frontend-parseable-output -save-temps -no-color-diagnostics -explicit-module-build -module-cache-path /Users/rli/Library/Developer/Xcode/DerivedData/Pesolita-gsphdqjcpdqmarbsicpvyrxglvnh/Build/Intermediates.noindex/SwiftExplicitPrecompiledModules -clang-scanner-module-cache-path /Users/rli/Library/Developer/Xcode/DerivedData/ModuleCache.noindex -sdk-module-cache-path /Users/rli/Library/Developer/Xcode/DerivedData/ModuleCache.noindex -serialize-diagnostics -emit-dependencies -emit-module -emit-module-path /Users/rli/Library/Developer/Xcode/DerivedData/Pesolita-gsphdqjcpdqmarbsicpvyrxglvnh/Build/Intermediates.noindex/Pesolita.build/Debug-iphonesimulator/Pesolita.build/Objects-normal/arm64/Pesolita.swiftmodule -validate-clang-modules-once -clang-build-session-file /Users/rli/Library/Developer/Xcode/DerivedData/ModuleCache.noindex/Session.modulevalidation -Xcc -I/Users/rli/Library/Developer/Xcode/DerivedData/Pesolita-gsphdqjcpdqmarbsicpvyrxglvnh/Build/Intermediates.noindex/Pesolita.build/Debug-iphonesimulator/Pesolita.build/swift-overrides.hmap -emit-const-values -Xfrontend -const-gather-protocols-file -Xfrontend /Users/rli/Library/Developer/Xcode/DerivedData/Pesolita-gsphdqjcpdqmarbsicpvyrxglvnh/Build/Intermediates.noindex/Pesolita.build/Debug-iphonesimulator/Pesolita.build/Objects-normal/arm64/Pesolita_const_extract_protocols.json -Xcc -iquote -Xcc /Users/rli/Library/Developer/Xcode/DerivedData/Pesolita-gsphdqjcpdqmarbsicpvyrxglvnh/Build/Intermediates.noindex/Pesolita.build/Debug-iphonesimulator/Pesolita.build/Pesolita-generated-files.hmap -Xcc -I/Users/rli/Library/Developer/Xcode/DerivedData/Pesolita-gsphdqjcpdqmarbsicpvyrxglvnh/Build/Intermediates.noindex/Pesolita.build/Debug-iphonesimulator/Pesolita.build/Pesolita-own-target-headers.hmap -Xcc -I/Users/rli/Library/Developer/Xcode/DerivedData/Pesolita-gsphdqjcpdqmarbsicpvyrxglvnh/Build/Intermediates.noindex/Pesolita.build/Debug-iphonesimulator/Pesolita.build/Pesolita-all-target-headers.hmap -Xcc -iquote -Xcc /Users/rli/Library/Developer/Xcode/DerivedData/Pesolita-gsphdqjcpdqmarbsicpvyrxglvnh/Build/Intermediates.noindex/Pesolita.build/Debug-iphonesimulator/Pesolita.build/Pesolita-project-headers.hmap -Xcc -I/Users/rli/Library/Developer/Xcode/DerivedData/Pesolita-gsphdqjcpdqmarbsicpvyrxglvnh/Build/Products/Debug-iphonesimulator/include -Xcc -I/Users/rli/Library/Developer/Xcode/DerivedData/Pesolita-gsphdqjcpdqmarbsicpvyrxglvnh/Build/Intermediates.noindex/Pesolita.build/Debug-iphonesimulator/Pesolita.build/DerivedSources-normal/arm64 -Xcc -I/Users/rli/Library/Developer/Xcode/DerivedData/Pesolita-gsphdqjcpdqmarbsicpvyrxglvnh/Build/Intermediates.noindex/Pesolita.build/Debug-iphonesimulator/Pesolita.build/DerivedSources/arm64 -Xcc -I/Users/rli/Library/Developer/Xcode/DerivedData/Pesolita-gsphdqjcpdqmarbsicpvyrxglvnh/Build/Intermediates.noindex/Pesolita.build/Debug-iphonesimulator/Pesolita.build/DerivedSources -emit-objc-header -emit-objc-header-path /Users/rli/Library/Developer/Xcode/DerivedData/Pesolita-gsphdqjcpdqmarbsicpvyrxglvnh/Build/Intermediates.noindex/Pesolita.build/Debug-iphonesimulator/Pesolita.build/Objects-normal/arm64/Pesolita-Swift.h -working-directory /Users/rli/Documents/Claude/budget-tracker/ios/Pesolita -experimental-emit-module-separately -disable-cmo

Copy /Users/rli/Library/Developer/Xcode/DerivedData/Pesolita-gsphdqjcpdqmarbsicpvyrxglvnh/Build/Products/Debug-iphonesimulator/Pesolita.swiftmodule/arm64-apple-ios-simulator.abi.json /Users/rli/Library/Developer/Xcode/DerivedData/Pesolita-gsphdqjcpdqmarbsicpvyrxglvnh/Build/Intermediates.noindex/Pesolita.build/Debug-iphonesimulator/Pesolita.build/Objects-normal/arm64/Pesolita.abi.json (in target 'Pesolita' from project 'Pesolita')
    cd /Users/rli/Documents/Claude/budget-tracker/ios/Pesolita
    builtin-copy -exclude .DS_Store -exclude CVS -exclude .svn -exclude .git -exclude .hg -resolve-src-symlinks -rename /Users/rli/Library/Developer/Xcode/DerivedData/Pesolita-gsphdqjcpdqmarbsicpvyrxglvnh/Build/Intermediates.noindex/Pesolita.build/Debug-iphonesimulator/Pesolita.build/Objects-normal/arm64/Pesolita.abi.json /Users/rli/Library/Developer/Xcode/DerivedData/Pesolita-gsphdqjcpdqmarbsicpvyrxglvnh/Build/Products/Debug-iphonesimulator/Pesolita.swiftmodule/arm64-apple-ios-simulator.abi.json

SwiftDriver PesolitaUITests normal arm64 com.apple.xcode.tools.swift.compiler (in target 'PesolitaUITests' from project 'Pesolita')
    cd /Users/rli/Documents/Claude/budget-tracker/ios/Pesolita
    builtin-SwiftDriver -- /Applications/Xcode.app/Contents/Developer/Toolchains/XcodeDefault.xctoolchain/usr/bin/swiftc -module-name PesolitaUITests -Onone @/Users/rli/Library/Developer/Xcode/DerivedData/Pesolita-gsphdqjcpdqmarbsicpvyrxglvnh/Build/Intermediates.noindex/Pesolita.build/Debug-iphonesimulator/PesolitaUITests.build/Objects-normal/arm64/PesolitaUITests.SwiftFileList -DDEBUG -module-alias Testing\=_Testing_Unavailable -plugin-path /Applications/Xcode.app/Contents/Developer/Toolchains/XcodeDefault.xctoolchain/usr/lib/swift/host/plugins/testing -enable-experimental-feature DebugDescriptionMacro -sdk /Applications/Xcode.app/Contents/Developer/Platforms/iPhoneSimulator.platform/Developer/SDKs/iPhoneSimulator26.5.sdk -target arm64-apple-ios18.0-simulator -g -module-cache-path /Users/rli/Library/Developer/Xcode/DerivedData/ModuleCache.noindex -Xfrontend -serialize-debugging-options -profile-coverage-mapping -profile-generate -enable-testing -index-store-path /Users/rli/Library/Developer/Xcode/DerivedData/Pesolita-gsphdqjcpdqmarbsicpvyrxglvnh/Index.noindex/DataStore -Xcc -D_LIBCPP_HARDENING_MODE\=_LIBCPP_HARDENING_MODE_DEBUG -swift-version 6 -I /Users/rli/Library/Developer/Xcode/DerivedData/Pesolita-gsphdqjcpdqmarbsicpvyrxglvnh/Build/Products/Debug-iphonesimulator -Isystem /Applications/Xcode.app/Contents/Developer/Platforms/iPhoneSimulator.platform/Developer/usr/lib -F /Users/rli/Library/Developer/Xcode/DerivedData/Pesolita-gsphdqjcpdqmarbsicpvyrxglvnh/Build/Products/Debug-iphonesimulator -F /Applications/Xcode.app/Contents/Developer/Platforms/iPhoneSimulator.platform/Developer/Library/Frameworks -F /Applications/Xcode.app/Contents/Developer/Platforms/iPhoneSimulator.platform/Developer/SDKs/iPhoneSimulator26.5.sdk/Developer/Library/Frameworks -c -j12 -enable-batch-mode -incremental -Xcc -ivfsstatcache -Xcc /Users/rli/Library/Developer/Xcode/DerivedData/SDKStatCaches.noindex/iphonesimulator26.5-23F81a-6cfe768891a92b912361537c460fe42b.sdkstatcache -output-file-map /Users/rli/Library/Developer/Xcode/DerivedData/Pesolita-gsphdqjcpdqmarbsicpvyrxglvnh/Build/Intermediates.noindex/Pesolita.build/Debug-iphonesimulator/PesolitaUITests.build/Objects-normal/arm64/PesolitaUITests-OutputFileMap.json -use-frontend-parseable-output -save-temps -no-color-diagnostics -explicit-module-build -module-cache-path /Users/rli/Library/Developer/Xcode/DerivedData/Pesolita-gsphdqjcpdqmarbsicpvyrxglvnh/Build/Intermediates.noindex/SwiftExplicitPrecompiledModules -clang-scanner-module-cache-path /Users/rli/Library/Developer/Xcode/DerivedData/ModuleCache.noindex -sdk-module-cache-path /Users/rli/Library/Developer/Xcode/DerivedData/ModuleCache.noindex -serialize-diagnostics -emit-dependencies -emit-module -emit-module-path /Users/rli/Library/Developer/Xcode/DerivedData/Pesolita-gsphdqjcpdqmarbsicpvyrxglvnh/Build/Intermediates.noindex/Pesolita.build/Debug-iphonesimulator/PesolitaUITests.build/Objects-normal/arm64/PesolitaUITests.swiftmodule -validate-clang-modules-once -clang-build-session-file /Users/rli/Library/Developer/Xcode/DerivedData/ModuleCache.noindex/Session.modulevalidation -Xcc -I/Users/rli/Library/Developer/Xcode/DerivedData/Pesolita-gsphdqjcpdqmarbsicpvyrxglvnh/Build/Intermediates.noindex/Pesolita.build/Debug-iphonesimulator/PesolitaUITests.build/swift-overrides.hmap -emit-const-values -Xfrontend -const-gather-protocols-file -Xfrontend /Users/rli/Library/Developer/Xcode/DerivedData/Pesolita-gsphdqjcpdqmarbsicpvyrxglvnh/Build/Intermediates.noindex/Pesolita.build/Debug-iphonesimulator/PesolitaUITests.build/Objects-normal/arm64/PesolitaUITests_const_extract_protocols.json -Xcc -iquote -Xcc /Users/rli/Library/Developer/Xcode/DerivedData/Pesolita-gsphdqjcpdqmarbsicpvyrxglvnh/Build/Intermediates.noindex/Pesolita.build/Debug-iphonesimulator/PesolitaUITests.build/PesolitaUITests-generated-files.hmap -Xcc -I/Users/rli/Library/Developer/Xcode/DerivedData/Pesolita-gsphdqjcpdqmarbsicpvyrxglvnh/Build/Intermediates.noindex/Pesolita.build/Debug-iphonesimulator/PesolitaUITests.build/PesolitaUITests-own-target-headers.hmap -Xcc -I/Users/rli/Library/Developer/Xcode/DerivedData/Pesolita-gsphdqjcpdqmarbsicpvyrxglvnh/Build/Intermediates.noindex/Pesolita.build/Debug-iphonesimulator/PesolitaUITests.build/PesolitaUITests-all-target-headers.hmap -Xcc -iquote -Xcc /Users/rli/Library/Developer/Xcode/DerivedData/Pesolita-gsphdqjcpdqmarbsicpvyrxglvnh/Build/Intermediates.noindex/Pesolita.build/Debug-iphonesimulator/PesolitaUITests.build/PesolitaUITests-project-headers.hmap -Xcc -I/Users/rli/Library/Developer/Xcode/DerivedData/Pesolita-gsphdqjcpdqmarbsicpvyrxglvnh/Build/Products/Debug-iphonesimulator/include -Xcc -I/Users/rli/Library/Developer/Xcode/DerivedData/Pesolita-gsphdqjcpdqmarbsicpvyrxglvnh/Build/Intermediates.noindex/Pesolita.build/Debug-iphonesimulator/PesolitaUITests.build/DerivedSources-normal/arm64 -Xcc -I/Users/rli/Library/Developer/Xcode/DerivedData/Pesolita-gsphdqjcpdqmarbsicpvyrxglvnh/Build/Intermediates.noindex/Pesolita.build/Debug-iphonesimulator/PesolitaUITests.build/DerivedSources/arm64 -Xcc -I/Users/rli/Library/Developer/Xcode/DerivedData/Pesolita-gsphdqjcpdqmarbsicpvyrxglvnh/Build/Intermediates.noindex/Pesolita.build/Debug-iphonesimulator/PesolitaUITests.build/DerivedSources -emit-objc-header -emit-objc-header-path /Users/rli/Library/Developer/Xcode/DerivedData/Pesolita-gsphdqjcpdqmarbsicpvyrxglvnh/Build/Intermediates.noindex/Pesolita.build/Debug-iphonesimulator/PesolitaUITests.build/Objects-normal/arm64/PesolitaUITests-Swift.h -working-directory /Users/rli/Documents/Claude/budget-tracker/ios/Pesolita -experimental-emit-module-separately -disable-cmo

ProcessInfoPlistFile /Users/rli/Library/Developer/Xcode/DerivedData/Pesolita-gsphdqjcpdqmarbsicpvyrxglvnh/Build/Products/Debug-iphonesimulator/Pesolita.app/Info.plist /Users/rli/Documents/Claude/budget-tracker/ios/Pesolita/Pesolita/Info.plist (in target 'Pesolita' from project 'Pesolita')
    cd /Users/rli/Documents/Claude/budget-tracker/ios/Pesolita
    builtin-infoPlistUtility /Users/rli/Documents/Claude/budget-tracker/ios/Pesolita/Pesolita/Info.plist -producttype com.apple.product-type.application -genpkginfo /Users/rli/Library/Developer/Xcode/DerivedData/Pesolita-gsphdqjcpdqmarbsicpvyrxglvnh/Build/Products/Debug-iphonesimulator/Pesolita.app/PkgInfo -expandbuildsettings -format binary -platform iphonesimulator -additionalcontentfile /Users/rli/Library/Developer/Xcode/DerivedData/Pesolita-gsphdqjcpdqmarbsicpvyrxglvnh/Build/Intermediates.noindex/Pesolita.build/Debug-iphonesimulator/Pesolita.build/assetcatalog_generated_info.plist -scanforprivacyfile /Users/rli/Library/Developer/Xcode/DerivedData/Pesolita-gsphdqjcpdqmarbsicpvyrxglvnh/Build/Products/Debug-iphonesimulator/Pesolita.app/PlugIns/PesolitaWidget.appex -o /Users/rli/Library/Developer/Xcode/DerivedData/Pesolita-gsphdqjcpdqmarbsicpvyrxglvnh/Build/Products/Debug-iphonesimulator/Pesolita.app/Info.plist

ProcessInfoPlistFile /Users/rli/Library/Developer/Xcode/DerivedData/Pesolita-gsphdqjcpdqmarbsicpvyrxglvnh/Build/Products/Debug-iphonesimulator/Pesolita.app/PlugIns/PesolitaTests.xctest/Info.plist /Users/rli/Library/Developer/Xcode/DerivedData/Pesolita-gsphdqjcpdqmarbsicpvyrxglvnh/Build/Intermediates.noindex/Pesolita.build/Debug-iphonesimulator/PesolitaTests.build/empty-PesolitaTests.plist (in target 'PesolitaTests' from project 'Pesolita')
    cd /Users/rli/Documents/Claude/budget-tracker/ios/Pesolita
    builtin-infoPlistUtility /Users/rli/Library/Developer/Xcode/DerivedData/Pesolita-gsphdqjcpdqmarbsicpvyrxglvnh/Build/Intermediates.noindex/Pesolita.build/Debug-iphonesimulator/PesolitaTests.build/empty-PesolitaTests.plist -producttype com.apple.product-type.bundle.unit-test -expandbuildsettings -format binary -platform iphonesimulator -o /Users/rli/Library/Developer/Xcode/DerivedData/Pesolita-gsphdqjcpdqmarbsicpvyrxglvnh/Build/Products/Debug-iphonesimulator/Pesolita.app/PlugIns/PesolitaTests.xctest/Info.plist

CopySwiftLibs /Users/rli/Library/Developer/Xcode/DerivedData/Pesolita-gsphdqjcpdqmarbsicpvyrxglvnh/Build/Products/Debug-iphonesimulator/Pesolita.app/PlugIns/PesolitaTests.xctest (in target 'PesolitaTests' from project 'Pesolita')
    cd /Users/rli/Documents/Claude/budget-tracker/ios/Pesolita
    builtin-swiftStdLibTool --copy --verbose --sign - --scan-executable /Users/rli/Library/Developer/Xcode/DerivedData/Pesolita-gsphdqjcpdqmarbsicpvyrxglvnh/Build/Products/Debug-iphonesimulator/Pesolita.app/PlugIns/PesolitaTests.xctest/PesolitaTests --scan-folder /Users/rli/Library/Developer/Xcode/DerivedData/Pesolita-gsphdqjcpdqmarbsicpvyrxglvnh/Build/Products/Debug-iphonesimulator/Pesolita.app/PlugIns/PesolitaTests.xctest/Frameworks --scan-folder /Users/rli/Library/Developer/Xcode/DerivedData/Pesolita-gsphdqjcpdqmarbsicpvyrxglvnh/Build/Products/Debug-iphonesimulator/Pesolita.app/PlugIns/PesolitaTests.xctest/PlugIns --scan-folder /Users/rli/Library/Developer/Xcode/DerivedData/Pesolita-gsphdqjcpdqmarbsicpvyrxglvnh/Build/Products/Debug-iphonesimulator/Pesolita.app/PlugIns/PesolitaTests.xctest/SystemExtensions --scan-folder /Users/rli/Library/Developer/Xcode/DerivedData/Pesolita-gsphdqjcpdqmarbsicpvyrxglvnh/Build/Products/Debug-iphonesimulator/Pesolita.app/PlugIns/PesolitaTests.xctest/Extensions --platform iphonesimulator --toolchain /Applications/Xcode.app/Contents/Developer/Toolchains/XcodeDefault.xctoolchain --destination /Users/rli/Library/Developer/Xcode/DerivedData/Pesolita-gsphdqjcpdqmarbsicpvyrxglvnh/Build/Products/Debug-iphonesimulator/Pesolita.app/PlugIns/PesolitaTests.xctest/Frameworks --strip-bitcode --scan-executable /Applications/Xcode.app/Contents/Developer/Platforms/iPhoneSimulator.platform/Developer/usr/lib/libXCTestSwiftSupport.dylib --strip-bitcode-tool /Applications/Xcode.app/Contents/Developer/Toolchains/XcodeDefault.xctoolchain/usr/bin/bitcode_strip --emit-dependency-info /Users/rli/Library/Developer/Xcode/DerivedData/Pesolita-gsphdqjcpdqmarbsicpvyrxglvnh/Build/Intermediates.noindex/Pesolita.build/Debug-iphonesimulator/PesolitaTests.build/SwiftStdLibToolInputDependencies.dep --filter-for-swift-os

ProcessInfoPlistFile /Users/rli/Library/Developer/Xcode/DerivedData/Pesolita-gsphdqjcpdqmarbsicpvyrxglvnh/Build/Products/Debug-iphonesimulator/PesolitaUITests-Runner.app/PlugIns/PesolitaUITests.xctest/Info.plist /Users/rli/Library/Developer/Xcode/DerivedData/Pesolita-gsphdqjcpdqmarbsicpvyrxglvnh/Build/Intermediates.noindex/Pesolita.build/Debug-iphonesimulator/PesolitaUITests.build/empty-PesolitaUITests.plist (in target 'PesolitaUITests' from project 'Pesolita')
    cd /Users/rli/Documents/Claude/budget-tracker/ios/Pesolita
    builtin-infoPlistUtility /Users/rli/Library/Developer/Xcode/DerivedData/Pesolita-gsphdqjcpdqmarbsicpvyrxglvnh/Build/Intermediates.noindex/Pesolita.build/Debug-iphonesimulator/PesolitaUITests.build/empty-PesolitaUITests.plist -producttype com.apple.product-type.bundle.ui-testing -expandbuildsettings -format binary -platform iphonesimulator -additionalcontentfile /Users/rli/Library/Developer/Xcode/DerivedData/Pesolita-gsphdqjcpdqmarbsicpvyrxglvnh/Build/Intermediates.noindex/Pesolita.build/Debug-iphonesimulator/PesolitaUITests.build/ProductTypeInfoPlistAdditions.plist -o /Users/rli/Library/Developer/Xcode/DerivedData/Pesolita-gsphdqjcpdqmarbsicpvyrxglvnh/Build/Products/Debug-iphonesimulator/PesolitaUITests-Runner.app/PlugIns/PesolitaUITests.xctest/Info.plist

SwiftCompile normal arm64 Compiling\ PesolitaUITests.swift /Users/rli/Documents/Claude/budget-tracker/ios/Pesolita/PesolitaUITests/PesolitaUITests.swift (in target 'PesolitaUITests' from project 'Pesolita')

SwiftCompile normal arm64 /Users/rli/Documents/Claude/budget-tracker/ios/Pesolita/PesolitaUITests/PesolitaUITests.swift (in target 'PesolitaUITests' from project 'Pesolita')
    cd /Users/rli/Documents/Claude/budget-tracker/ios/Pesolita
    

SwiftEmitModule normal arm64 Emitting\ module\ for\ PesolitaUITests (in target 'PesolitaUITests' from project 'Pesolita')

EmitSwiftModule normal arm64 (in target 'PesolitaUITests' from project 'Pesolita')
    cd /Users/rli/Documents/Claude/budget-tracker/ios/Pesolita
    

SwiftDriverJobDiscovery normal arm64 Emitting module for PesolitaUITests (in target 'PesolitaUITests' from project 'Pesolita')

SwiftDriver\ Compilation\ Requirements PesolitaUITests normal arm64 com.apple.xcode.tools.swift.compiler (in target 'PesolitaUITests' from project 'Pesolita')
    cd /Users/rli/Documents/Claude/budget-tracker/ios/Pesolita
    builtin-Swift-Compilation-Requirements -- /Applications/Xcode.app/Contents/Developer/Toolchains/XcodeDefault.xctoolchain/usr/bin/swiftc -module-name PesolitaUITests -Onone @/Users/rli/Library/Developer/Xcode/DerivedData/Pesolita-gsphdqjcpdqmarbsicpvyrxglvnh/Build/Intermediates.noindex/Pesolita.build/Debug-iphonesimulator/PesolitaUITests.build/Objects-normal/arm64/PesolitaUITests.SwiftFileList -DDEBUG -module-alias Testing\=_Testing_Unavailable -plugin-path /Applications/Xcode.app/Contents/Developer/Toolchains/XcodeDefault.xctoolchain/usr/lib/swift/host/plugins/testing -enable-experimental-feature DebugDescriptionMacro -sdk /Applications/Xcode.app/Contents/Developer/Platforms/iPhoneSimulator.platform/Developer/SDKs/iPhoneSimulator26.5.sdk -target arm64-apple-ios18.0-simulator -g -module-cache-path /Users/rli/Library/Developer/Xcode/DerivedData/ModuleCache.noindex -Xfrontend -serialize-debugging-options -profile-coverage-mapping -profile-generate -enable-testing -index-store-path /Users/rli/Library/Developer/Xcode/DerivedData/Pesolita-gsphdqjcpdqmarbsicpvyrxglvnh/Index.noindex/DataStore -Xcc -D_LIBCPP_HARDENING_MODE\=_LIBCPP_HARDENING_MODE_DEBUG -swift-version 6 -I /Users/rli/Library/Developer/Xcode/DerivedData/Pesolita-gsphdqjcpdqmarbsicpvyrxglvnh/Build/Products/Debug-iphonesimulator -Isystem /Applications/Xcode.app/Contents/Developer/Platforms/iPhoneSimulator.platform/Developer/usr/lib -F /Users/rli/Library/Developer/Xcode/DerivedData/Pesolita-gsphdqjcpdqmarbsicpvyrxglvnh/Build/Products/Debug-iphonesimulator -F /Applications/Xcode.app/Contents/Developer/Platforms/iPhoneSimulator.platform/Developer/Library/Frameworks -F /Applications/Xcode.app/Contents/Developer/Platforms/iPhoneSimulator.platform/Developer/SDKs/iPhoneSimulator26.5.sdk/Developer/Library/Frameworks -c -j12 -enable-batch-mode -incremental -Xcc -ivfsstatcache -Xcc /Users/rli/Library/Developer/Xcode/DerivedData/SDKStatCaches.noindex/iphonesimulator26.5-23F81a-6cfe768891a92b912361537c460fe42b.sdkstatcache -output-file-map /Users/rli/Library/Developer/Xcode/DerivedData/Pesolita-gsphdqjcpdqmarbsicpvyrxglvnh/Build/Intermediates.noindex/Pesolita.build/Debug-iphonesimulator/PesolitaUITests.build/Objects-normal/arm64/PesolitaUITests-OutputFileMap.json -use-frontend-parseable-output -save-temps -no-color-diagnostics -explicit-module-build -module-cache-path /Users/rli/Library/Developer/Xcode/DerivedData/Pesolita-gsphdqjcpdqmarbsicpvyrxglvnh/Build/Intermediates.noindex/SwiftExplicitPrecompiledModules -clang-scanner-module-cache-path /Users/rli/Library/Developer/Xcode/DerivedData/ModuleCache.noindex -sdk-module-cache-path /Users/rli/Library/Developer/Xcode/DerivedData/ModuleCache.noindex -serialize-diagnostics -emit-dependencies -emit-module -emit-module-path /Users/rli/Library/Developer/Xcode/DerivedData/Pesolita-gsphdqjcpdqmarbsicpvyrxglvnh/Build/Intermediates.noindex/Pesolita.build/Debug-iphonesimulator/PesolitaUITests.build/Objects-normal/arm64/PesolitaUITests.swiftmodule -validate-clang-modules-once -clang-build-session-file /Users/rli/Library/Developer/Xcode/DerivedData/ModuleCache.noindex/Session.modulevalidation -Xcc -I/Users/rli/Library/Developer/Xcode/DerivedData/Pesolita-gsphdqjcpdqmarbsicpvyrxglvnh/Build/Intermediates.noindex/Pesolita.build/Debug-iphonesimulator/PesolitaUITests.build/swift-overrides.hmap -emit-const-values -Xfrontend -const-gather-protocols-file -Xfrontend /Users/rli/Library/Developer/Xcode/DerivedData/Pesolita-gsphdqjcpdqmarbsicpvyrxglvnh/Build/Intermediates.noindex/Pesolita.build/Debug-iphonesimulator/PesolitaUITests.build/Objects-normal/arm64/PesolitaUITests_const_extract_protocols.json -Xcc -iquote -Xcc /Users/rli/Library/Developer/Xcode/DerivedData/Pesolita-gsphdqjcpdqmarbsicpvyrxglvnh/Build/Intermediates.noindex/Pesolita.build/Debug-iphonesimulator/PesolitaUITests.build/PesolitaUITests-generated-files.hmap -Xcc -I/Users/rli/Library/Developer/Xcode/DerivedData/Pesolita-gsphdqjcpdqmarbsicpvyrxglvnh/Build/Intermediates.noindex/Pesolita.build/Debug-iphonesimulator/PesolitaUITests.build/PesolitaUITests-own-target-headers.hmap -Xcc -I/Users/rli/Library/Developer/Xcode/DerivedData/Pesolita-gsphdqjcpdqmarbsicpvyrxglvnh/Build/Intermediates.noindex/Pesolita.build/Debug-iphonesimulator/PesolitaUITests.build/PesolitaUITests-all-target-headers.hmap -Xcc -iquote -Xcc /Users/rli/Library/Developer/Xcode/DerivedData/Pesolita-gsphdqjcpdqmarbsicpvyrxglvnh/Build/Intermediates.noindex/Pesolita.build/Debug-iphonesimulator/PesolitaUITests.build/PesolitaUITests-project-headers.hmap -Xcc -I/Users/rli/Library/Developer/Xcode/DerivedData/Pesolita-gsphdqjcpdqmarbsicpvyrxglvnh/Build/Products/Debug-iphonesimulator/include -Xcc -I/Users/rli/Library/Developer/Xcode/DerivedData/Pesolita-gsphdqjcpdqmarbsicpvyrxglvnh/Build/Intermediates.noindex/Pesolita.build/Debug-iphonesimulator/PesolitaUITests.build/DerivedSources-normal/arm64 -Xcc -I/Users/rli/Library/Developer/Xcode/DerivedData/Pesolita-gsphdqjcpdqmarbsicpvyrxglvnh/Build/Intermediates.noindex/Pesolita.build/Debug-iphonesimulator/PesolitaUITests.build/DerivedSources/arm64 -Xcc -I/Users/rli/Library/Developer/Xcode/DerivedData/Pesolita-gsphdqjcpdqmarbsicpvyrxglvnh/Build/Intermediates.noindex/Pesolita.build/Debug-iphonesimulator/PesolitaUITests.build/DerivedSources -emit-objc-header -emit-objc-header-path /Users/rli/Library/Developer/Xcode/DerivedData/Pesolita-gsphdqjcpdqmarbsicpvyrxglvnh/Build/Intermediates.noindex/Pesolita.build/Debug-iphonesimulator/PesolitaUITests.build/Objects-normal/arm64/PesolitaUITests-Swift.h -working-directory /Users/rli/Documents/Claude/budget-tracker/ios/Pesolita -experimental-emit-module-separately -disable-cmo

Copy /Users/rli/Library/Developer/Xcode/DerivedData/Pesolita-gsphdqjcpdqmarbsicpvyrxglvnh/Build/Products/Debug-iphonesimulator/PesolitaUITests.swiftmodule/Project/arm64-apple-ios-simulator.swiftsourceinfo /Users/rli/Library/Developer/Xcode/DerivedData/Pesolita-gsphdqjcpdqmarbsicpvyrxglvnh/Build/Intermediates.noindex/Pesolita.build/Debug-iphonesimulator/PesolitaUITests.build/Objects-normal/arm64/PesolitaUITests.swiftsourceinfo (in target 'PesolitaUITests' from project 'Pesolita')
    cd /Users/rli/Documents/Claude/budget-tracker/ios/Pesolita
    builtin-copy -exclude .DS_Store -exclude CVS -exclude .svn -exclude .git -exclude .hg -resolve-src-symlinks -rename /Users/rli/Library/Developer/Xcode/DerivedData/Pesolita-gsphdqjcpdqmarbsicpvyrxglvnh/Build/Intermediates.noindex/Pesolita.build/Debug-iphonesimulator/PesolitaUITests.build/Objects-normal/arm64/PesolitaUITests.swiftsourceinfo /Users/rli/Library/Developer/Xcode/DerivedData/Pesolita-gsphdqjcpdqmarbsicpvyrxglvnh/Build/Products/Debug-iphonesimulator/PesolitaUITests.swiftmodule/Project/arm64-apple-ios-simulator.swiftsourceinfo

Copy /Users/rli/Library/Developer/Xcode/DerivedData/Pesolita-gsphdqjcpdqmarbsicpvyrxglvnh/Build/Products/Debug-iphonesimulator/PesolitaUITests.swiftmodule/arm64-apple-ios-simulator.abi.json /Users/rli/Library/Developer/Xcode/DerivedData/Pesolita-gsphdqjcpdqmarbsicpvyrxglvnh/Build/Intermediates.noindex/Pesolita.build/Debug-iphonesimulator/PesolitaUITests.build/Objects-normal/arm64/PesolitaUITests.abi.json (in target 'PesolitaUITests' from project 'Pesolita')
    cd /Users/rli/Documents/Claude/budget-tracker/ios/Pesolita
    builtin-copy -exclude .DS_Store -exclude CVS -exclude .svn -exclude .git -exclude .hg -resolve-src-symlinks -rename /Users/rli/Library/Developer/Xcode/DerivedData/Pesolita-gsphdqjcpdqmarbsicpvyrxglvnh/Build/Intermediates.noindex/Pesolita.build/Debug-iphonesimulator/PesolitaUITests.build/Objects-normal/arm64/PesolitaUITests.abi.json /Users/rli/Library/Developer/Xcode/DerivedData/Pesolita-gsphdqjcpdqmarbsicpvyrxglvnh/Build/Products/Debug-iphonesimulator/PesolitaUITests.swiftmodule/arm64-apple-ios-simulator.abi.json

SwiftDriverJobDiscovery normal arm64 Compiling PesolitaUITests.swift (in target 'PesolitaUITests' from project 'Pesolita')

SwiftDriver\ Compilation PesolitaUITests normal arm64 com.apple.xcode.tools.swift.compiler (in target 'PesolitaUITests' from project 'Pesolita')
    cd /Users/rli/Documents/Claude/budget-tracker/ios/Pesolita
    builtin-Swift-Compilation -- /Applications/Xcode.app/Contents/Developer/Toolchains/XcodeDefault.xctoolchain/usr/bin/swiftc -module-name PesolitaUITests -Onone @/Users/rli/Library/Developer/Xcode/DerivedData/Pesolita-gsphdqjcpdqmarbsicpvyrxglvnh/Build/Intermediates.noindex/Pesolita.build/Debug-iphonesimulator/PesolitaUITests.build/Objects-normal/arm64/PesolitaUITests.SwiftFileList -DDEBUG -module-alias Testing\=_Testing_Unavailable -plugin-path /Applications/Xcode.app/Contents/Developer/Toolchains/XcodeDefault.xctoolchain/usr/lib/swift/host/plugins/testing -enable-experimental-feature DebugDescriptionMacro -sdk /Applications/Xcode.app/Contents/Developer/Platforms/iPhoneSimulator.platform/Developer/SDKs/iPhoneSimulator26.5.sdk -target arm64-apple-ios18.0-simulator -g -module-cache-path /Users/rli/Library/Developer/Xcode/DerivedData/ModuleCache.noindex -Xfrontend -serialize-debugging-options -profile-coverage-mapping -profile-generate -enable-testing -index-store-path /Users/rli/Library/Developer/Xcode/DerivedData/Pesolita-gsphdqjcpdqmarbsicpvyrxglvnh/Index.noindex/DataStore -Xcc -D_LIBCPP_HARDENING_MODE\=_LIBCPP_HARDENING_MODE_DEBUG -swift-version 6 -I /Users/rli/Library/Developer/Xcode/DerivedData/Pesolita-gsphdqjcpdqmarbsicpvyrxglvnh/Build/Products/Debug-iphonesimulator -Isystem /Applications/Xcode.app/Contents/Developer/Platforms/iPhoneSimulator.platform/Developer/usr/lib -F /Users/rli/Library/Developer/Xcode/DerivedData/Pesolita-gsphdqjcpdqmarbsicpvyrxglvnh/Build/Products/Debug-iphonesimulator -F /Applications/Xcode.app/Contents/Developer/Platforms/iPhoneSimulator.platform/Developer/Library/Frameworks -F /Applications/Xcode.app/Contents/Developer/Platforms/iPhoneSimulator.platform/Developer/SDKs/iPhoneSimulator26.5.sdk/Developer/Library/Frameworks -c -j12 -enable-batch-mode -incremental -Xcc -ivfsstatcache -Xcc /Users/rli/Library/Developer/Xcode/DerivedData/SDKStatCaches.noindex/iphonesimulator26.5-23F81a-6cfe768891a92b912361537c460fe42b.sdkstatcache -output-file-map /Users/rli/Library/Developer/Xcode/DerivedData/Pesolita-gsphdqjcpdqmarbsicpvyrxglvnh/Build/Intermediates.noindex/Pesolita.build/Debug-iphonesimulator/PesolitaUITests.build/Objects-normal/arm64/PesolitaUITests-OutputFileMap.json -use-frontend-parseable-output -save-temps -no-color-diagnostics -explicit-module-build -module-cache-path /Users/rli/Library/Developer/Xcode/DerivedData/Pesolita-gsphdqjcpdqmarbsicpvyrxglvnh/Build/Intermediates.noindex/SwiftExplicitPrecompiledModules -clang-scanner-module-cache-path /Users/rli/Library/Developer/Xcode/DerivedData/ModuleCache.noindex -sdk-module-cache-path /Users/rli/Library/Developer/Xcode/DerivedData/ModuleCache.noindex -serialize-diagnostics -emit-dependencies -emit-module -emit-module-path /Users/rli/Library/Developer/Xcode/DerivedData/Pesolita-gsphdqjcpdqmarbsicpvyrxglvnh/Build/Intermediates.noindex/Pesolita.build/Debug-iphonesimulator/PesolitaUITests.build/Objects-normal/arm64/PesolitaUITests.swiftmodule -validate-clang-modules-once -clang-build-session-file /Users/rli/Library/Developer/Xcode/DerivedData/ModuleCache.noindex/Session.modulevalidation -Xcc -I/Users/rli/Library/Developer/Xcode/DerivedData/Pesolita-gsphdqjcpdqmarbsicpvyrxglvnh/Build/Intermediates.noindex/Pesolita.build/Debug-iphonesimulator/PesolitaUITests.build/swift-overrides.hmap -emit-const-values -Xfrontend -const-gather-protocols-file -Xfrontend /Users/rli/Library/Developer/Xcode/DerivedData/Pesolita-gsphdqjcpdqmarbsicpvyrxglvnh/Build/Intermediates.noindex/Pesolita.build/Debug-iphonesimulator/PesolitaUITests.build/Objects-normal/arm64/PesolitaUITests_const_extract_protocols.json -Xcc -iquote -Xcc /Users/rli/Library/Developer/Xcode/DerivedData/Pesolita-gsphdqjcpdqmarbsicpvyrxglvnh/Build/Intermediates.noindex/Pesolita.build/Debug-iphonesimulator/PesolitaUITests.build/PesolitaUITests-generated-files.hmap -Xcc -I/Users/rli/Library/Developer/Xcode/DerivedData/Pesolita-gsphdqjcpdqmarbsicpvyrxglvnh/Build/Intermediates.noindex/Pesolita.build/Debug-iphonesimulator/PesolitaUITests.build/PesolitaUITests-own-target-headers.hmap -Xcc -I/Users/rli/Library/Developer/Xcode/DerivedData/Pesolita-gsphdqjcpdqmarbsicpvyrxglvnh/Build/Intermediates.noindex/Pesolita.build/Debug-iphonesimulator/PesolitaUITests.build/PesolitaUITests-all-target-headers.hmap -Xcc -iquote -Xcc /Users/rli/Library/Developer/Xcode/DerivedData/Pesolita-gsphdqjcpdqmarbsicpvyrxglvnh/Build/Intermediates.noindex/Pesolita.build/Debug-iphonesimulator/PesolitaUITests.build/PesolitaUITests-project-headers.hmap -Xcc -I/Users/rli/Library/Developer/Xcode/DerivedData/Pesolita-gsphdqjcpdqmarbsicpvyrxglvnh/Build/Products/Debug-iphonesimulator/include -Xcc -I/Users/rli/Library/Developer/Xcode/DerivedData/Pesolita-gsphdqjcpdqmarbsicpvyrxglvnh/Build/Intermediates.noindex/Pesolita.build/Debug-iphonesimulator/PesolitaUITests.build/DerivedSources-normal/arm64 -Xcc -I/Users/rli/Library/Developer/Xcode/DerivedData/Pesolita-gsphdqjcpdqmarbsicpvyrxglvnh/Build/Intermediates.noindex/Pesolita.build/Debug-iphonesimulator/PesolitaUITests.build/DerivedSources/arm64 -Xcc -I/Users/rli/Library/Developer/Xcode/DerivedData/Pesolita-gsphdqjcpdqmarbsicpvyrxglvnh/Build/Intermediates.noindex/Pesolita.build/Debug-iphonesimulator/PesolitaUITests.build/DerivedSources -emit-objc-header -emit-objc-header-path /Users/rli/Library/Developer/Xcode/DerivedData/Pesolita-gsphdqjcpdqmarbsicpvyrxglvnh/Build/Intermediates.noindex/Pesolita.build/Debug-iphonesimulator/PesolitaUITests.build/Objects-normal/arm64/PesolitaUITests-Swift.h -working-directory /Users/rli/Documents/Claude/budget-tracker/ios/Pesolita -experimental-emit-module-separately -disable-cmo

Ld /Users/rli/Library/Developer/Xcode/DerivedData/Pesolita-gsphdqjcpdqmarbsicpvyrxglvnh/Build/Products/Debug-iphonesimulator/PesolitaUITests-Runner.app/PlugIns/PesolitaUITests.xctest/PesolitaUITests normal (in target 'PesolitaUITests' from project 'Pesolita')
    cd /Users/rli/Documents/Claude/budget-tracker/ios/Pesolita
    /Applications/Xcode.app/Contents/Developer/Toolchains/XcodeDefault.xctoolchain/usr/bin/clang -Xlinker -reproducible -target arm64-apple-ios18.0-simulator -bundle -isysroot /Applications/Xcode.app/Contents/Developer/Platforms/iPhoneSimulator.platform/Developer/SDKs/iPhoneSimulator26.5.sdk -O0 -L/Users/rli/Library/Developer/Xcode/DerivedData/Pesolita-gsphdqjcpdqmarbsicpvyrxglvnh/Build/Intermediates.noindex/EagerLinkingTBDs/Debug-iphonesimulator -L/Users/rli/Library/Developer/Xcode/DerivedData/Pesolita-gsphdqjcpdqmarbsicpvyrxglvnh/Build/Products/Debug-iphonesimulator -L/Applications/Xcode.app/Contents/Developer/Platforms/iPhoneSimulator.platform/Developer/usr/lib -F/Users/rli/Library/Developer/Xcode/DerivedData/Pesolita-gsphdqjcpdqmarbsicpvyrxglvnh/Build/Intermediates.noindex/EagerLinkingTBDs/Debug-iphonesimulator -F/Users/rli/Library/Developer/Xcode/DerivedData/Pesolita-gsphdqjcpdqmarbsicpvyrxglvnh/Build/Products/Debug-iphonesimulator -iframework /Applications/Xcode.app/Contents/Developer/Platforms/iPhoneSimulator.platform/Developer/Library/Frameworks -iframework /Applications/Xcode.app/Contents/Developer/Platforms/iPhoneSimulator.platform/Developer/SDKs/iPhoneSimulator26.5.sdk/Developer/Library/Frameworks -filelist /Users/rli/Library/Developer/Xcode/DerivedData/Pesolita-gsphdqjcpdqmarbsicpvyrxglvnh/Build/Intermediates.noindex/Pesolita.build/Debug-iphonesimulator/PesolitaUITests.build/Objects-normal/arm64/PesolitaUITests.LinkFileList -Xlinker -rpath -Xlinker /usr/lib/swift -Xlinker -rpath -Xlinker @loader_path/Frameworks -Xlinker -dead_strip -Xlinker -object_path_lto -Xlinker /Users/rli/Library/Developer/Xcode/DerivedData/Pesolita-gsphdqjcpdqmarbsicpvyrxglvnh/Build/Intermediates.noindex/Pesolita.build/Debug-iphonesimulator/PesolitaUITests.build/Objects-normal/arm64/PesolitaUITests_lto.o -rdynamic -Xlinker -no_deduplicate -Xlinker -objc_abi_version -Xlinker 2 -Xlinker -debug_variant -Xlinker -dependency_info -Xlinker /Users/rli/Library/Developer/Xcode/DerivedData/Pesolita-gsphdqjcpdqmarbsicpvyrxglvnh/Build/Intermediates.noindex/Pesolita.build/Debug-iphonesimulator/PesolitaUITests.build/Objects-normal/arm64/PesolitaUITests_dependency_info.dat -fobjc-link-runtime -fprofile-instr-generate -L/Applications/Xcode.app/Contents/Developer/Toolchains/XcodeDefault.xctoolchain/usr/lib/swift/iphonesimulator -L/usr/lib/swift -Xlinker -add_ast_path -Xlinker /Users/rli/Library/Developer/Xcode/DerivedData/Pesolita-gsphdqjcpdqmarbsicpvyrxglvnh/Build/Intermediates.noindex/Pesolita.build/Debug-iphonesimulator/PesolitaUITests.build/Objects-normal/arm64/PesolitaUITests.swiftmodule @/Users/rli/Library/Developer/Xcode/DerivedData/Pesolita-gsphdqjcpdqmarbsicpvyrxglvnh/Build/Intermediates.noindex/Pesolita.build/Debug-iphonesimulator/PesolitaUITests.build/Objects-normal/arm64/PesolitaUITests-linker-args.resp -Xlinker -needed_framework -Xlinker XCTest -framework XCTest -Xlinker -needed-lXCTestSwiftSupport -lXCTestSwiftSupport -Xlinker -sectcreate -Xlinker __TEXT -Xlinker __entitlements -Xlinker /Users/rli/Library/Developer/Xcode/DerivedData/Pesolita-gsphdqjcpdqmarbsicpvyrxglvnh/Build/Intermediates.noindex/Pesolita.build/Debug-iphonesimulator/PesolitaUITests.build/PesolitaUITests.xctest-Simulated.xcent -Xlinker -sectcreate -Xlinker __TEXT -Xlinker __ents_der -Xlinker /Users/rli/Library/Developer/Xcode/DerivedData/Pesolita-gsphdqjcpdqmarbsicpvyrxglvnh/Build/Intermediates.noindex/Pesolita.build/Debug-iphonesimulator/PesolitaUITests.build/PesolitaUITests.xctest-Simulated.xcent.der -Xlinker -no_adhoc_codesign -o /Users/rli/Library/Developer/Xcode/DerivedData/Pesolita-gsphdqjcpdqmarbsicpvyrxglvnh/Build/Products/Debug-iphonesimulator/PesolitaUITests-Runner.app/PlugIns/PesolitaUITests.xctest/PesolitaUITests

CopySwiftLibs /Users/rli/Library/Developer/Xcode/DerivedData/Pesolita-gsphdqjcpdqmarbsicpvyrxglvnh/Build/Products/Debug-iphonesimulator/PesolitaUITests-Runner.app/PlugIns/PesolitaUITests.xctest (in target 'PesolitaUITests' from project 'Pesolita')
    cd /Users/rli/Documents/Claude/budget-tracker/ios/Pesolita
    builtin-swiftStdLibTool --copy --verbose --sign - --scan-executable /Users/rli/Library/Developer/Xcode/DerivedData/Pesolita-gsphdqjcpdqmarbsicpvyrxglvnh/Build/Products/Debug-iphonesimulator/PesolitaUITests-Runner.app/PlugIns/PesolitaUITests.xctest/PesolitaUITests --scan-folder /Users/rli/Library/Developer/Xcode/DerivedData/Pesolita-gsphdqjcpdqmarbsicpvyrxglvnh/Build/Products/Debug-iphonesimulator/PesolitaUITests-Runner.app/PlugIns/PesolitaUITests.xctest/Frameworks --scan-folder /Users/rli/Library/Developer/Xcode/DerivedData/Pesolita-gsphdqjcpdqmarbsicpvyrxglvnh/Build/Products/Debug-iphonesimulator/PesolitaUITests-Runner.app/PlugIns/PesolitaUITests.xctest/PlugIns --scan-folder /Users/rli/Library/Developer/Xcode/DerivedData/Pesolita-gsphdqjcpdqmarbsicpvyrxglvnh/Build/Products/Debug-iphonesimulator/PesolitaUITests-Runner.app/PlugIns/PesolitaUITests.xctest/SystemExtensions --scan-folder /Users/rli/Library/Developer/Xcode/DerivedData/Pesolita-gsphdqjcpdqmarbsicpvyrxglvnh/Build/Products/Debug-iphonesimulator/PesolitaUITests-Runner.app/PlugIns/PesolitaUITests.xctest/Extensions --platform iphonesimulator --toolchain /Applications/Xcode.app/Contents/Developer/Toolchains/XcodeDefault.xctoolchain --destination /Users/rli/Library/Developer/Xcode/DerivedData/Pesolita-gsphdqjcpdqmarbsicpvyrxglvnh/Build/Products/Debug-iphonesimulator/PesolitaUITests-Runner.app/PlugIns/PesolitaUITests.xctest/Frameworks --strip-bitcode --scan-executable /Applications/Xcode.app/Contents/Developer/Platforms/iPhoneSimulator.platform/Developer/usr/lib/libXCTestSwiftSupport.dylib --strip-bitcode-tool /Applications/Xcode.app/Contents/Developer/Toolchains/XcodeDefault.xctoolchain/usr/bin/bitcode_strip --emit-dependency-info /Users/rli/Library/Developer/Xcode/DerivedData/Pesolita-gsphdqjcpdqmarbsicpvyrxglvnh/Build/Intermediates.noindex/Pesolita.build/Debug-iphonesimulator/PesolitaUITests.build/SwiftStdLibToolInputDependencies.dep --filter-for-swift-os

ExtractAppIntentsMetadata (in target 'PesolitaUITests' from project 'Pesolita')
    cd /Users/rli/Documents/Claude/budget-tracker/ios/Pesolita
    /Applications/Xcode.app/Contents/Developer/Toolchains/XcodeDefault.xctoolchain/usr/bin/appintentsmetadataprocessor --toolchain-dir /Applications/Xcode.app/Contents/Developer/Toolchains/XcodeDefault.xctoolchain --module-name PesolitaUITests --sdk-root /Applications/Xcode.app/Contents/Developer/Platforms/iPhoneSimulator.platform/Developer/SDKs/iPhoneSimulator26.5.sdk --xcode-version 17F113 --platform-family iOS --deployment-target 18.0 --bundle-identifier com.pesolita.app.uitests --output /Users/rli/Library/Developer/Xcode/DerivedData/Pesolita-gsphdqjcpdqmarbsicpvyrxglvnh/Build/Products/Debug-iphonesimulator/PesolitaUITests-Runner.app/PlugIns/PesolitaUITests.xctest --target-triple arm64-apple-ios18.0-simulator --binary-file /Users/rli/Library/Developer/Xcode/DerivedData/Pesolita-gsphdqjcpdqmarbsicpvyrxglvnh/Build/Products/Debug-iphonesimulator/PesolitaUITests-Runner.app/PlugIns/PesolitaUITests.xctest/PesolitaUITests --dependency-file /Users/rli/Library/Developer/Xcode/DerivedData/Pesolita-gsphdqjcpdqmarbsicpvyrxglvnh/Build/Intermediates.noindex/Pesolita.build/Debug-iphonesimulator/PesolitaUITests.build/Objects-normal/arm64/PesolitaUITests_dependency_info.dat --stringsdata-file /Users/rli/Library/Developer/Xcode/DerivedData/Pesolita-gsphdqjcpdqmarbsicpvyrxglvnh/Build/Intermediates.noindex/Pesolita.build/Debug-iphonesimulator/PesolitaUITests.build/Objects-normal/arm64/ExtractedAppShortcutsMetadata.stringsdata --source-file-list /Users/rli/Library/Developer/Xcode/DerivedData/Pesolita-gsphdqjcpdqmarbsicpvyrxglvnh/Build/Intermediates.noindex/Pesolita.build/Debug-iphonesimulator/PesolitaUITests.build/Objects-normal/arm64/PesolitaUITests.SwiftFileList --metadata-file-list /Users/rli/Library/Developer/Xcode/DerivedData/Pesolita-gsphdqjcpdqmarbsicpvyrxglvnh/Build/Intermediates.noindex/Pesolita.build/Debug-iphonesimulator/PesolitaUITests.build/PesolitaUITests.DependencyMetadataFileList --static-metadata-file-list /Users/rli/Library/Developer/Xcode/DerivedData/Pesolita-gsphdqjcpdqmarbsicpvyrxglvnh/Build/Intermediates.noindex/Pesolita.build/Debug-iphonesimulator/PesolitaUITests.build/PesolitaUITests.DependencyStaticMetadataFileList --swift-const-vals-list /Users/rli/Library/Developer/Xcode/DerivedData/Pesolita-gsphdqjcpdqmarbsicpvyrxglvnh/Build/Intermediates.noindex/Pesolita.build/Debug-iphonesimulator/PesolitaUITests.build/Objects-normal/arm64/PesolitaUITests.SwiftConstValuesFileList --compile-time-extraction --deployment-aware-processing --validate-assistant-intents --no-app-shortcuts-localization
2026-09-01 13:25:19.741 appintentsmetadataprocessor[17710:21969243] Starting appintentsmetadataprocessor export
2026-09-01 13:25:19.747 appintentsmetadataprocessor[17710:21969243] warning: Metadata extraction skipped. No AppIntents.framework dependency found.

CodeSign /Users/rli/Library/Developer/Xcode/DerivedData/Pesolita-gsphdqjcpdqmarbsicpvyrxglvnh/Build/Products/Debug-iphonesimulator/PesolitaUITests-Runner.app/PlugIns/PesolitaUITests.xctest (in target 'PesolitaUITests' from project 'Pesolita')
    cd /Users/rli/Documents/Claude/budget-tracker/ios/Pesolita
    
    Signing Identity:     "Sign to Run Locally"
    
    /usr/bin/codesign --force --sign - --timestamp\=none --generate-entitlement-der /Users/rli/Library/Developer/Xcode/DerivedData/Pesolita-gsphdqjcpdqmarbsicpvyrxglvnh/Build/Products/Debug-iphonesimulator/PesolitaUITests-Runner.app/PlugIns/PesolitaUITests.xctest

CodeSign /Users/rli/Library/Developer/Xcode/DerivedData/Pesolita-gsphdqjcpdqmarbsicpvyrxglvnh/Build/Products/Debug-iphonesimulator/PesolitaUITests-Runner.app (in target 'PesolitaUITests' from project 'Pesolita')
    cd /Users/rli/Documents/Claude/budget-tracker/ios/Pesolita
    
    Signing Identity:     "Sign to Run Locally"
    
    /usr/bin/codesign --force --sign - --timestamp\=none --generate-entitlement-der /Users/rli/Library/Developer/Xcode/DerivedData/Pesolita-gsphdqjcpdqmarbsicpvyrxglvnh/Build/Products/Debug-iphonesimulator/PesolitaUITests-Runner.app
/Users/rli/Library/Developer/Xcode/DerivedData/Pesolita-gsphdqjcpdqmarbsicpvyrxglvnh/Build/Products/Debug-iphonesimulator/PesolitaUITests-Runner.app: replacing existing signature

2026-09-01 13:26:15.545 xcodebuild[17682:21968548] [MT] IDELaunchParametersSnapshot: The operation couldn’t be completed. (DebuggerLLDB.DebuggerVersionStore.StoreError error 0.)
2026-09-01 13:26:15.545 xcodebuild[17682:21968548] [MT] IDELaunchParametersSnapshot: no debugger version
2026-09-01 13:26:24.901 xcodebuild[17682:21968548] [MT] IDELaunchParametersSnapshot: The operation couldn’t be completed. (DebuggerLLDB.DebuggerVersionStore.StoreError error 0.)
2026-09-01 13:26:24.901 xcodebuild[17682:21968548] [MT] IDELaunchParametersSnapshot: no debugger version
2026-09-01 13:26:29.772 xcodebuild[17682:21968548] [MT] IDELaunchParametersSnapshot: The operation couldn’t be completed. (DebuggerLLDB.DebuggerVersionStore.StoreError error 0.)
2026-09-01 13:26:29.772 xcodebuild[17682:21968548] [MT] IDELaunchParametersSnapshot: no debugger version
2026-09-01 13:26:35.540 xcodebuild[17682:21968548] [MT] IDELaunchParametersSnapshot: The operation couldn’t be completed. (DebuggerLLDB.DebuggerVersionStore.StoreError error 0.)
2026-09-01 13:26:35.540 xcodebuild[17682:21968548] [MT] IDELaunchParametersSnapshot: no debugger version
2026-09-01 13:26:48.358 xcodebuild[17682:21968548] [MT] IDELaunchParametersSnapshot: The operation couldn’t be completed. (DebuggerLLDB.DebuggerVersionStore.StoreError error 0.)
2026-09-01 13:26:48.359 xcodebuild[17682:21968548] [MT] IDELaunchParametersSnapshot: no debugger version
2026-09-01 13:27:02.966 xcodebuild[17682:21968548] [MT] IDELaunchParametersSnapshot: The operation couldn’t be completed. (DebuggerLLDB.DebuggerVersionStore.StoreError error 0.)
2026-09-01 13:27:02.966 xcodebuild[17682:21968548] [MT] IDELaunchParametersSnapshot: no debugger version
2026-09-01 13:27:16.623 xcodebuild[17682:21968548] [MT] IDELaunchParametersSnapshot: The operation couldn’t be completed. (DebuggerLLDB.DebuggerVersionStore.StoreError error 0.)
2026-09-01 13:27:16.624 xcodebuild[17682:21968548] [MT] IDELaunchParametersSnapshot: no debugger version
2026-09-01 13:27:37.905 xcodebuild[17682:21968548] [MT] IDELaunchParametersSnapshot: The operation couldn’t be completed. (DebuggerLLDB.DebuggerVersionStore.StoreError error 0.)
2026-09-01 13:27:37.906 xcodebuild[17682:21968548] [MT] IDELaunchParametersSnapshot: no debugger version
2026-09-01 13:28:07.499 xcodebuild[17682:21968548] [MT] IDELaunchParametersSnapshot: The operation couldn’t be completed. (DebuggerLLDB.DebuggerVersionStore.StoreError error 0.)
2026-09-01 13:28:07.499 xcodebuild[17682:21968548] [MT] IDELaunchParametersSnapshot: no debugger version
2026-09-01 13:28:10.879 xcodebuild[17682:21968548] [MT] IDELaunchParametersSnapshot: The operation couldn’t be completed. (DebuggerLLDB.DebuggerVersionStore.StoreError error 0.)
2026-09-01 13:28:10.879 xcodebuild[17682:21968548] [MT] IDELaunchParametersSnapshot: no debugger version
2026-09-01 13:28:22.502 xcodebuild[17682:21968548] [MT] IDELaunchParametersSnapshot: The operation couldn’t be completed. (DebuggerLLDB.DebuggerVersionStore.StoreError error 0.)
2026-09-01 13:28:22.502 xcodebuild[17682:21968548] [MT] IDELaunchParametersSnapshot: no debugger version
2026-09-01 13:28:25.873 xcodebuild[17682:21968548] [MT] IDELaunchParametersSnapshot: The operation couldn’t be completed. (DebuggerLLDB.DebuggerVersionStore.StoreError error 0.)
2026-09-01 13:28:25.873 xcodebuild[17682:21968548] [MT] IDELaunchParametersSnapshot: no debugger version
2026-09-01 13:28:42.549 xcodebuild[17682:21968548] [MT] IDELaunchParametersSnapshot: The operation couldn’t be completed. (DebuggerLLDB.DebuggerVersionStore.StoreError error 0.)
2026-09-01 13:28:42.549 xcodebuild[17682:21968548] [MT] IDELaunchParametersSnapshot: no debugger version
2026-09-01 13:29:16.136 xcodebuild[17682:21968548] [MT] IDETestOperationsObserverDebug: 236.217 elapsed -- Testing started completed.
2026-09-01 13:29:16.136 xcodebuild[17682:21968548] [MT] IDETestOperationsObserverDebug: 0.000 sec, +0.000 sec -- start
2026-09-01 13:29:16.136 xcodebuild[17682:21968548] [MT] IDETestOperationsObserverDebug: 236.219 sec, +236.219 sec -- end

Test session results, code coverage, and logs:
	/Users/rli/Library/Developer/Xcode/DerivedData/Pesolita-gsphdqjcpdqmarbsicpvyrxglvnh/Logs/Test/Test-Pesolita-2026.09.01_13-25-10-+0800.xcresult

Failing tests:
	StoreShotTests.testCaptureWidgetOnHomeScreen()

** TEST FAILED **

Testing started
Test suite 'PesolitaUITests' started on 'Clone 1 of iPhone 17 Pro - PesolitaUITests-Runner (17930)'
Test case 'PesolitaUITests.testBackupAndRestoreEntryPointsSurviveTheSystemPicker()' passed on 'Clone 1 of iPhone 17 Pro - PesolitaUITests-Runner (17930)' (19.899 seconds)
Test case 'PesolitaUITests.testCompletedAppSurfacesAreReachable()' passed on 'Clone 1 of iPhone 17 Pro - PesolitaUITests-Runner (17930)' (62.388 seconds)
Test case 'PesolitaUITests.testCoreMoneyJourney()' passed on 'Clone 1 of iPhone 17 Pro - PesolitaUITests-Runner (17930)' (28.570 seconds)
Test suite 'StoreShotTests' started on 'Clone 2 of iPhone 17 Pro - PesolitaUITests-Runner (18520)'
Test case 'PesolitaUITests.testKeypadAmountsGroupThousands()' passed on 'Clone 1 of iPhone 17 Pro - PesolitaUITests-Runner (17930)' (16.036 seconds)
Test case 'StoreShotTests.testCaptureStackedWallet()' passed on 'Clone 2 of iPhone 17 Pro - PesolitaUITests-Runner (18520)' (15.877 seconds)
Test case 'StoreShotTests.testCaptureWidgetOnHomeScreen()' failed on 'Clone 2 of iPhone 17 Pro - PesolitaUITests-Runner (18520)' (14.137 seconds)
Test case 'PesolitaUITests.testTransactionCardChangingMatchesWebFlow()' passed on 'Clone 1 of iPhone 17 Pro - PesolitaUITests-Runner (17930)' (28.648 seconds)
